https://feodotracker.abuse.ch/downloads/ipblocklist.txt
https://iplists.firehol.org/files/alienvault_reputation.ipset
https://iplists.firehol.org/files/bds_atif.ipset
https://iplists.firehol.org/files/bi_any_2_30d.ipset
https://iplists.firehol.org/files/blocklist_net_ua.ipset
https://iplists.firehol.org/files/coinbl_hosts_browser.ipset
https://iplists.firehol.org/files/cybercrime.ipset
https://iplists.firehol.org/files/dm_tor.ipset
https://iplists.firehol.org/files/dshield.netset
https://iplists.firehol.org/files/dyndns_ponmocup.ipset
https://iplists.firehol.org/files/et_block.netset
https://iplists.firehol.org/files/et_compromised.ipset
https://iplists.firehol.org/files/et_spamhaus.netset
https://iplists.firehol.org/files/et_tor.ipset
https://iplists.firehol.org/files/firehol_level1.netset
https://iplists.firehol.org/files/firehol_level2.netset
https://iplists.firehol.org/files/firehol_level3.netset
https://iplists.firehol.org/files/greensnow.ipset
https://iplists.firehol.org/files/ciarmy.ipset
https://iplists.firehol.org/files/iblocklist_ciarmy_malicious.netset
https://iplists.firehol.org/files/iblocklist_pedophiles.netset
https://iplists.firehol.org/files/malc0de.ipset
https://iplists.firehol.org/files/maxmind_proxy_fraud.ipset
https://iplists.firehol.org/files/normshield_high_bruteforce.ipset
https://iplists.firehol.org/files/spamhaus_drop.netset
https://iplists.firehol.org/files/spamhaus_edrop.netset
https://iplists.firehol.org/files/urlvir.ipset
https://sigs.interserver.net/iprbl.txt
https://raw.githubusercontent.com/SecOps-Institute/Tor-IP-Addresses/master/tor-exit-nodes.lst
https://raw.githubusercontent.com/HotCakeX/Official-IANA-IP-blocks/refs/heads/main/Curated-Lists/OFACSanctioned.txt
https://raw.githubusercontent.com/elliotwutingfeng/ThreatFox-IOC-IPs/main/ips.txt
https://raw.githubusercontent.com/securityscorecard/SSC-Threat-Intel-IoCs/refs/heads/master/KillNet-DDoS-Blocklist/ipblocklist.txt
https://raw.githubusercontent.com/firehol/blocklist-ipsets/refs/heads/master/yoyo_adservers.ipset
https://raw.githubusercontent.com/ShadowWhisperer/IPs/master/Other/Scanners
https://raw.githubusercontent.com/ShadowWhisperer/IPs/master/Malware/Hackers
https://raw.githubusercontent.com/ShadowWhisperer/IPs/master/Malware/Hosting
https://raw.githubusercontent.com/ShadowWhisperer/IPs/master/BruteForce/Medium
https://raw.githubusercontent.com/ShadowWhisperer/IPs/master/BruteForce/High
https://raw.githubusercontent.com/ShadowWhisperer/IPs/master/BruteForce/Extreme
https://raw.githubusercontent.com/ShadowWhisperer/IPs/refs/heads/master/Malware/Hackers_Old
https://raw.githubusercontent.com/ShadowWhisperer/IPs/refs/heads/master/Lists/Threats_Unclassified
https://raw.githubusercontent.com/ShadowWhisperer/IPs/refs/heads/master/Lists/Threats
https://raw.githubusercontent.com/ShadowWhisperer/IPs/refs/heads/master/Lists/Ads
https://raw.githubusercontent.com/ShadowWhisperer/IPs/refs/heads/master/Lists/Trackers
https://raw.githubusercontent.com/ShadowWhisperer/IPs/refs/heads/master/Lists/Probes
https://secureupdates.checkpoint.com/IP-list/TOR.txt
https://raw.githubusercontent.com/firehol/blocklist-ipsets/refs/heads/master/vxvault.ipset
https://raw.githubusercontent.com/HotCakeX/Official-IANA-IP-blocks/refs/heads/main/Curated-Lists/StateSponsorsOfTerrorism.txt
https://iplists.firehol.org/files/xroxy_7d.ipset
https://iplists.firehol.org/files/cleantalk_updated_7d.ipset
https://raw.githubusercontent.com/borestad/firehol-mirror/main/botscout.ipset
https://iplists.firehol.org/files/darklist_de.netset
https://lists.blocklist.de/lists/strongips.txt
https://www.blocklist.de/downloads/export-ips_all.txt
https://raw.githubusercontent.com/firehol/blocklist-ipsets/refs/heads/master/myip.ipset
https://rules.emergingthreats.net/fwrules/emerging-Block-IPs.txt
https://rules.emergingthreats.net/blockrules/compromised-ips.txt
https://raw.githubusercontent.com/ehindiayleau/BlacklistMIL-pfBlockerNG/refs/heads/master/blacklistmil_rootservers.txt
https://www.binarydefense.com/banlist.txt
https://raw.githubusercontent.com/bitwire-it/ipsum-clean/main/ipsum.txt
https://api.blocklist.de/getlast.php?time=3600
https://raw.githubusercontent.com/firehol/blocklist-ipsets/refs/heads/master/firehol_webclient.netset
https://raw.githubusercontent.com/theiren46/blocklist-ipsets/refs/heads/master/shunlist.ipset
https://raw.githubusercontent.com/ktsaou/blocklist-ipsets/master/php_dictionary.ipset
https://raw.githubusercontent.com/ktsaou/blocklist-ipsets/master/php_dictionary_7d.ipset
https://raw.githubusercontent.com/ktsaou/blocklist-ipsets/master/php_dictionary_30d.ipset
https://raw.githubusercontent.com/moimran/blacklist-IP/refs/heads/master/Database/files/proxyspy.ipset
https://raw.githubusercontent.com/moimran/blacklist-IP/refs/heads/master/Database/files/proxyspy_7d.ipset
https://raw.githubusercontent.com/moimran/blacklist-IP/refs/heads/master/Database/files/proxyspy_30d.ipset
https://raw.githubusercontent.com/moimran/blacklist-IP/refs/heads/master/Database/files/xroxy_7d.ipset
https://raw.githubusercontent.com/moimran/blacklist-IP/refs/heads/master/Database/files/xroxy_30d.ipset
https://raw.githubusercontent.com/firehol/blocklist-ipsets/refs/heads/master/php_harvesters.ipset
https://raw.githubusercontent.com/firehol/blocklist-ipsets/refs/heads/master/php_harvesters_7d.ipset
https://raw.githubusercontent.com/firehol/blocklist-ipsets/refs/heads/master/php_harvesters_30d.ipset
https://raw.githubusercontent.com/firehol/blocklist-ipsets/refs/heads/master/iblocklist_isp_sprint.netset
https://raw.githubusercontent.com/firehol/blocklist-ipsets/refs/heads/master/iblocklist_isp_att.netset
https://raw.githubusercontent.com/firehol/blocklist-ipsets/refs/heads/master/blocklist_de.ipset
https://raw.githubusercontent.com/firehol/blocklist-ipsets/refs/heads/master/blocklist_de_ssh.ipset
https://raw.githubusercontent.com/firehol/blocklist-ipsets/refs/heads/master/blocklist_de_sip.ipset
https://raw.githubusercontent.com/firehol/blocklist-ipsets/refs/heads/master/blocklist_de_bruteforce.ipset
https://raw.githubusercontent.com/firehol/blocklist-ipsets/refs/heads/master/blocklist_de_imap.ipset
https://raw.githubusercontent.com/firehol/blocklist-ipsets/refs/heads/master/blocklist_de_mail.ipset
https://raw.githubusercontent.com/firehol/blocklist-ipsets/refs/heads/master/blocklist_de_bots.ipset
https://raw.githubusercontent.com/firehol/blocklist-ipsets/refs/heads/master/bruteforceblocker.ipset
https://lists.blocklist.de/lists/ftp.txt
https://lists.blocklist.de/lists/imap.txt
https://lists.blocklist.de/lists/mail.txt
https://lists.blocklist.de/lists/sip.txt
https://lists.blocklist.de/lists/ssh.txt
https://lists.blocklist.de/lists/bruteforcelogin.txt
https://lists.blocklist.de/lists/bots.txt
https://lists.blocklist.de/lists/apache.txt
https://raw.githubusercontent.com/Jack-Sparr0w-2o4/Spyware/refs/heads/main/Filter
https://raw.githubusercontent.com/Jack-Sparr0w-2o4/Hijacked/refs/heads/main/Filter
https://raw.githubusercontent.com/Jack-Sparr0w-2o4/Spider/refs/heads/main/Filter
https://raw.githubusercontent.com/Jack-Sparr0w-2o4/Proxy/refs/heads/main/Filter
https://raw.githubusercontent.com/Jack-Sparr0w-2o4/Web-Exploit/refs/heads/main/Filter
https://raw.githubusercontent.com/Jack-Sparr0w-2o4/Bad-Peer/refs/heads/main/Filter
https://raw.githubusercontent.com/Jack-Sparr0w-2o4/Block-Pedo/refs/heads/main/Filter
https://raw.githubusercontent.com/Jack-Sparr0w-2o4/CINS-ARMY/refs/heads/main/Filter
https://raw.githubusercontent.com/Jack-Sparr0w-2o4/ADs/refs/heads/main/Filter
https://raw.githubusercontent.com/Jack-Sparr0w-2o4/Ad-Servers/refs/heads/main/Filter
https://raw.githubusercontent.com/Jack-Sparr0w-2o4/Range/refs/heads/main/Filter
https://raw.githubusercontent.com/Jack-Sparr0w-2o4/Education/refs/heads/main/Filter
https://raw.githubusercontent.com/Jack-Sparr0w-2o4/Canada-Spy-Blocklist/refs/heads/main/list
https://raw.githubusercontent.com/Jack-Sparr0w-2o4/NSA-CIA-Block/refs/heads/main/Filter
https://raw.githubusercontent.com/Jack-Sparr0w-2o4/NSA-Extra/refs/heads/main/Filter
https://raw.githubusercontent.com/Jack-Sparr0w-2o4/Hacker/refs/heads/main/Filter
https://raw.githubusercontent.com/Jack-Sparr0w-2o4/Bogon/refs/heads/main/Filter
https://raw.githubusercontent.com/Jack-Sparr0w-2o4/Bogon-Extra/refs/heads/main/Filter
https://raw.githubusercontent.com/Jack-Sparr0w-2o4/cruzit-web-attacks/refs/heads/main/Filter
https://raw.githubusercontent.com/Jack-Sparr0w-2o4/Shadow-Clean/refs/heads/main/Filter
https://raw.githubusercontent.com/Jack-Sparr0w-2o4/Block-NSA-Hard/refs/heads/main/Filter
https://raw.githubusercontent.com/Jack-Sparr0w-2o4/CIA-Super-Range/refs/heads/main/Filter
https://iplists.firehol.org/files/uscert_hidden_cobra.ipset
https://iplists.firehol.org/files/talosintel_ipfilter.ipset
https://iplists.firehol.org/files/cleanmx_viruses.ipset
https://iplists.firehol.org/files/cleanmx_phishing.ipset
https://iplists.firehol.org/files/turris_greylist.ipset
https://iplists.firehol.org/files/nt_malware_http.ipset
https://iplists.firehol.org/files/nt_malware_irc.ipset
https://iplists.firehol.org/files/nt_malware_dns.ipset
https://iplists.firehol.org/files/bruteforceblocker.ipset
https://iplists.firehol.org/files/bbcan177_ms1.netset
https://iplists.firehol.org/files/bbcan177_ms3.netset
https://iplists.firehol.org/files/snort_ipfilter.ipset
https://iplists.firehol.org/files/urandomusto_dns.ipset
https://iplists.firehol.org/files/urandomusto_ftp.ipset
https://iplists.firehol.org/files/urandomusto_vnc.ipset
https://iplists.firehol.org/files/urandomusto_unspecified.ipset
https://iplists.firehol.org/files/urandomusto_telnet.ipset
https://iplists.firehol.org/files/urandomusto_ssh.ipset
https://iplists.firehol.org/files/urandomusto_spam.ipset
https://iplists.firehol.org/files/urandomusto_smb.ipset
https://iplists.firehol.org/files/urandomusto_rdp.ipset
https://iplists.firehol.org/files/urandomusto_ntp.ipset
https://iplists.firehol.org/files/urandomusto_malware.ipset
https://iplists.firehol.org/files/urandomusto_mailer.ipset
https://iplists.firehol.org/files/urandomusto_http.ipset
https://iplists.firehol.org/files/malwaredomainlist.ipset
https://iplists.firehol.org/files/threatcrowd.ipset
https://iplists.firehol.org/files/nullsecure.ipset
https://iplists.firehol.org/files/nt_ssh_7d.ipset
https://iplists.firehol.org/files/voipbl.netset
https://iplists.firehol.org/files/normshield_all_ddosbot.ipset
https://iplists.firehol.org/files/normshield_all_bruteforce.ipset
https://iplists.firehol.org/files/normshield_all_dnsscan.ipset
https://iplists.firehol.org/files/normshield_all_webscan.ipset
https://iplists.firehol.org/files/normshield_all_wormscan.ipset
https://iplists.firehol.org/files/normshield_all_suspicious.ipset
https://raw.githubusercontent.com/ehindiayleau/BlacklistMIL-pfBlockerNG/refs/heads/master/blacklistmil_pfblockerng.txt
https://raw.githubusercontent.com/Jack-Sparr0w-2o4/Asus-Router-Fix/refs/heads/main/Filter
https://raw.githubusercontent.com/Jack-Sparr0w-2o4/Slug-Heads/refs/heads/main/I-spike-them
https://raw.githubusercontent.com/Jack-Sparr0w-2o4/Ramit-Clean/refs/heads/main/Ramit
https://raw.githubusercontent.com/Jack-Sparr0w-2o4/QRadar/refs/heads/main/Filter
https://raw.githubusercontent.com/BBcan177/minerchk/master/ip-only.txt
https://iplists.firehol.org/files/xforce_bccs.ipset
https://raw.githubusercontent.com/firehol/blocklist-ipsets/refs/heads/master/botvrij_dst.ipset
https://raw.githubusercontent.com/CriticalPathSecurity/Public-Intelligence-Feeds/refs/heads/master/rutgers.txt
https://raw.githubusercontent.com/CriticalPathSecurity/Public-Intelligence-Feeds/refs/heads/master/drb-ra-verified.txt
https://raw.githubusercontent.com/CriticalPathSecurity/Public-Intelligence-Feeds/refs/heads/master/sip.txt
https://raw.githubusercontent.com/CriticalPathSecurity/Public-Intelligence-Feeds/refs/heads/master/cps_cobaltstrike_ip.txt
https://raw.githubusercontent.com/CriticalPathSecurity/Public-Intelligence-Feeds/refs/heads/master/compromised-ips.txt
https://raw.githubusercontent.com/CriticalPathSecurity/Public-Intelligence-Feeds/refs/heads/master/cobaltstrike_ips.txt
https://raw.githubusercontent.com/CriticalPathSecurity/Public-Intelligence-Feeds/refs/heads/master/cloudzy.txt
https://raw.githubusercontent.com/CriticalPathSecurity/Public-Intelligence-Feeds/refs/heads/master/illuminate.txt
https://raw.githubusercontent.com/CriticalPathSecurity/Public-Intelligence-Feeds/refs/heads/master/avanzato_c2.txt
https://raw.githubusercontent.com/CriticalPathSecurity/Public-Intelligence-Feeds/refs/heads/master/threatfox.txt
https://raw.githubusercontent.com/duggytuxy/Data-Shield_IPv4_Blocklist/refs/heads/main/prod_data-shield_ipv4_blocklist.txt
https://raw.githubusercontent.com/Naunter/BT_BlockLists/refs/heads/master/list_1.txt
https://raw.githubusercontent.com/LittleJake/ip-blacklist/refs/heads/main/ustc_blacklist_ip.txt
https://raw.githubusercontent.com/Jack-Sparr0w-2o4/Stamparm-level-1/refs/heads/main/Filterlist
https://raw.githubusercontent.com/stamparm/ipsum/refs/heads/master/levels/2.txt
https://raw.githubusercontent.com/stamparm/ipsum/refs/heads/master/levels/3.txt
https://raw.githubusercontent.com/stamparm/ipsum/refs/heads/master/levels/4.txt
https://raw.githubusercontent.com/stamparm/ipsum/refs/heads/master/levels/5.txt
https://raw.githubusercontent.com/stamparm/ipsum/refs/heads/master/levels/6.txt
https://raw.githubusercontent.com/stamparm/ipsum/refs/heads/master/levels/7.txt
https://raw.githubusercontent.com/stamparm/ipsum/refs/heads/master/levels/8.txt
https://raw.githubusercontent.com/angellarin-itsasap/sonicwall/refs/heads/main/chunk_1.txt
https://raw.githubusercontent.com/angellarin-itsasap/sonicwall/refs/heads/main/chunk_2.txt
https://raw.githubusercontent.com/angellarin-itsasap/sonicwall/refs/heads/main/chunk_3.txt
https://raw.githubusercontent.com/angellarin-itsasap/sonicwall/refs/heads/main/chunk_4.txt
https://raw.githubusercontent.com/angellarin-itsasap/sonicwall/refs/heads/main/chunk_5.txt
https://raw.githubusercontent.com/angellarin-itsasap/sonicwall/refs/heads/main/chunk_6.txt
https://raw.githubusercontent.com/angellarin-itsasap/sonicwall/refs/heads/main/chunk_7.txt
https://raw.githubusercontent.com/angellarin-itsasap/sonicwall/refs/heads/main/chunk_8.txt
https://raw.githubusercontent.com/elliotwutingfeng/GlobalAntiScamOrg-blocklist/refs/heads/main/global-anti-scam-org-scam-ips.txt
https://spydisec.com/medium_confidence_unlimited.txt
https://raw.githubusercontent.com/firehol/blocklist-ipsets/refs/heads/master/gpf_comics.ipset
https://iplists.firehol.org/files/cta_cryptowall.ipset
https://raw.githubusercontent.com/Jack-Sparr0w-2o4/Fast-ASF-Canada/refs/heads/main/Filter
https://raw.githubusercontent.com/Jack-Sparr0w-2o4/Worst-Game-Trackers/refs/heads/main/Filterlist
https://raw.githubusercontent.com/Jack-Sparr0w-2o4/VR-CHAT-Hacking-Blocklist/refs/heads/main/Muffin
https://raw.githubusercontent.com/Jack-Sparr0w-2o4/XBOX-Cheats/refs/heads/main/Filter
https://iplists.firehol.org/files/maltrail_scanners.ipset
https://sigs.interserver.net/ip.txt
https://raw.githubusercontent.com/LinuxTracker/Blocklists/master/HancitorIPs.txt
https://raw.githubusercontent.com/NoahVail/BadIPs/refs/heads/main/leakix.txt
https://raw.githubusercontent.com/NoahVail/BadIPs/refs/heads/main/shadowserver.txt
https://raw.githubusercontent.com/Y3ll0w/CrowdSec-CAPI-Decisions/refs/heads/main/ssh-bf.json.txt
https://raw.githubusercontent.com/romainmarcoux/malicious-outgoing-ip/refs/heads/main/full-outgoing-ip-40k.txt
https://iplists.firehol.org/files/iblocklist_isp_verizon.netset
https://iplists.firehol.org/files/iblocklist_isp_aol.netset
https://iplists.firehol.org/files/c2_tracker.ipset
https://raw.githubusercontent.com/ipverse/geo-ip-blocks/refs/heads/master/country/na/na-ipv4.txt
https://api.greynoise.io/v3/tags/4454bcc7-d416-4bc9-8e85-e860c82369c2/ips?format=txt&token=QQbXBl9iSxWfBjvqAgNodg
https://api.greynoise.io/v3/tags/f620e81c-eaf4-477f-8bc4-ec94ca672615/ips?format=txt&token=iCo1cIG0SvyJdkEozInOA
https://api.greynoise.io/v3/tags/537cee16-c4a9-45cd-baf1-75963ab7bdd2/ips?format=txt&token=QWjWOA80SqqYzwKWVB8Q
https://iplists.firehol.org/files/gofferje_sip.netset
https://iplists.firehol.org/files/haley_ssh.ipset
https://raw.githubusercontent.com/CriticalPathSecurity/Public-Intelligence-Feeds/refs/heads/master/cps-collected-iocs.txt
https://voipbl.org/update